MySQL Shell 8.0.15

Copyright (c) 2016, 2019, Oracle and/or its affiliates. All rights reserved.
Oracle is a registered trademark of Oracle Corporation and/or its affiliates.
Other names may be trademarks of their respective owners.

Type '\help' or '\?' for help; '\quit' to exit.

 MySQL  JS > \sql
Switching to SQL mode... Commands end with ;

 MySQL  SQL > \connect --mc root@localhost
Creating a Classic session to 'root@localhost'
Please provide the password for 'root@localhost': ****
Save password for 'root@localhost'? [Y]es/[N]o/Ne[v]er (default No): v
Fetching schema names for autocompletion... Press ^C to stop.
Your MySQL connection id is 563
Server version: 8.0.15 MySQL Community Server - GPL
No default schema selected; type \use <schema> to set one.

 MySQL  localhost:3306 ssl  SQL > use examen3
Default schema set to `examen3`.
Fetching table and column names from `examen3` for auto-completion... Press ^C to stop.

 MySQL  localhost:3306 ssl  examen3  SQL > show creare table empleados;
ERROR: 1064 (42000): You have an error in your SQL syntax; check the manual that corresponds to your MySQL server version for the right syntax to use near 'creare table empleados' at line 1

 MySQL  localhost:3306 ssl  examen3  SQL > show create table empleados;
+-----------+------------------------------------------------------------------------------------------------------------------------------------------------------------------------------------------------------------------------------------------------------------------------------------------------------------------------------------------------------------------------------------------------------------------+
| Table     | Create Table                                                                                                                                                                                                                                                                                                                                                                                                     |
+-----------+------------------------------------------------------------------------------------------------------------------------------------------------------------------------------------------------------------------------------------------------------------------------------------------------------------------------------------------------------------------------------------------------------------------+
| empleados | CREATE TABLE `empleados` (
  `id_empleado` int(11) NOT NULL AUTO_INCREMENT,
  `Nombre` varchar(50) DEFAULT NULL,
  `Ap_pat` varchar(50) DEFAULT NULL,
  `Ap_mat` varchar(50) DEFAULT NULL,
  `fecha_nac` date DEFAULT NULL,
  `fecha_reg` date DEFAULT NULL,
  `NSS` varchar(50) DEFAULT NULL,
  PRIMARY KEY (`id_empleado`)
) ENGINE=InnoDB AUTO_INCREMENT=5 DEFAULT CHARSET=utf8mb4 COLLATE=utf8mb4_0900_ai_ci |
+-----------+------------------------------------------------------------------------------------------------------------------------------------------------------------------------------------------------------------------------------------------------------------------------------------------------------------------------------------------------------------------------------------------------------------------+
1 row in set (0.0010 sec)

 MySQL  localhost:3306 ssl  examen3  SQL > show create table consecutivos;
+--------------+---------------------------------------------------------------------------------------------------------------------------------------+
| Table        | Create Table                                                                                                                          |
+--------------+---------------------------------------------------------------------------------------------------------------------------------------+
| consecutivos | CREATE TABLE `consecutivos` (
  `consecutivo` int(11) DEFAULT NULL
) ENGINE=InnoDB DEFAULT CHARSET=utf8mb4 COLLATE=utf8mb4_0900_ai_ci |
+--------------+---------------------------------------------------------------------------------------------------------------------------------------+
1 row in set (0.0008 sec)

 MySQL  localhost:3306 ssl  examen3  SQL >